[35m[1mScanning dependencies of target plan_env[0m
[35m[1mScanning dependencies of target obj_generator[0m
[ 12%] [32mBuilding CXX object CMakeFiles/obj_generator.dir/src/obj_generator.cpp.o[0m
[ 25%] [32mBuilding CXX object CMakeFiles/plan_env.dir/src/obj_predictor.cpp.o[0m
[ 50%] [32mBuilding CXX object CMakeFiles/plan_env.dir/src/sdf_map.cpp.o[0m
[ 50%] [32mBuilding CXX object CMakeFiles/plan_env.dir/src/map_ros.cpp.o[0m
[ 62%] [32mBuilding CXX object CMakeFiles/plan_env.dir/src/edt_environment.cpp.o[0m
[ 75%] [32mBuilding CXX object CMakeFiles/plan_env.dir/src/raycast.cpp.o[0m
[01m[K/home/xingxun/experiment/Fast-Exploration/src/fuel_planner/plan_env/src/obj_predictor.cpp:[m[K In member function ‘[01m[Kvoid fast_planner::ObjHistory::poseCallback(const PoseStampedConstPtr&)[m[K’:
[01m[K/home/xingxun/experiment/Fast-Exploration/src/fuel_planner/plan_env/src/obj_predictor.cpp:28:23:[m[K [01;35m[Kwarning: [m[Kcomparison of integer expressions of different signedness: ‘[01m[Kstd::__cxx11::list<Eigen::Matrix<double, 4, 1> >::size_type[m[K’ {aka ‘[01m[Klong unsigned int[m[K’} and ‘[01m[Kint[m[K’ [[01;35m[K-Wsign-compare[m[K]
   28 |   if ([01;35m[Khistory_.size() > queue_size_[m[K) history_.pop_front();
      |       [01;35m[K~~~~~~~~~~~~~~~~^~~~~~~~~~~~~[m[K
[01m[K/home/xingxun/experiment/Fast-Exploration/src/fuel_planner/plan_env/src/edt_environment.cpp:[m[K In member function ‘[01m[Kdouble fast_planner::EDTEnvironment::minDistToAllBox(const Vector3d&, const double&)[m[K’:
[01m[K/home/xingxun/experiment/Fast-Exploration/src/fuel_planner/plan_env/src/edt_environment.cpp:42:21:[m[K [01;35m[Kwarning: [m[Kcomparison of integer expressions of different signedness: ‘[01m[Kint[m[K’ and ‘[01m[Kstd::vector<fast_planner::PolynomialPrediction>::size_type[m[K’ {aka ‘[01m[Klong unsigned int[m[K’} [[01;35m[K-Wsign-compare[m[K]
   42 |   for (int i = 0; [01;35m[Ki < obj_prediction_->size()[m[K; i++) {
      |                   [01;35m[K~~^~~~~~~~~~~~~~~~~~~~~~~~~[m[K
[ 87%] [32m[1mLinking CXX executable /home/xingxun/experiment/Fast-Exploration/devel/.private/plan_env/lib/plan_env/obj_generator[0m
[ 87%] Built target obj_generator
[100%] [32m[1mLinking CXX shared library /home/xingxun/experiment/Fast-Exploration/devel/.private/plan_env/lib/libplan_env.so[0m
[100%] Built target plan_env
