[01m[K/home/xingxun/experiment/Fast-Exploration/src/fuel_planner/utils/lkh_tsp_solver/include/LKH.h:[m[K In function ‘[01m[KReadEdges[m[K’:
[01m[K/home/xingxun/experiment/Fast-Exploration/src/fuel_planner/utils/lkh_tsp_solver/src/ReadEdges.c:31:9:[m[K [01;35m[Kwarning: [m[Kignoring return value of ‘[01m[Kfscanf[m[K’, declared with attribute warn_unused_result [[01;35m[K-Wunused-result[m[K]
   31 |         [01;35m[Kfscanf(EdgeFile, "%d %d\n", &i, &Edges)[m[K;
      |         [01;35m[K^~~~~~~~~~~~~~~~~~~~~~~~~~~~~~~~~~~~~~~[m[K
[01m[K/home/xingxun/experiment/Fast-Exploration/src/fuel_planner/utils/lkh_tsp_solver/src/ReadEdges.c:36:13:[m[K [01;35m[Kwarning: [m[Kignoring return value of ‘[01m[Kfgets[m[K’, declared with attribute warn_unused_result [[01;35m[K-Wunused-result[m[K]
   36 |             [01;35m[Kfgets(line, 80, EdgeFile)[m[K;
      |             [01;35m[K^~~~~~~~~~~~~~~~~~~~~~~~~[m[K
[01m[K/home/xingxun/experiment/Fast-Exploration/src/fuel_planner/utils/lkh_tsp_solver/include/LKH.h:[m[K In function ‘[01m[KReadEdges[m[K’:
[01m[K/home/xingxun/experiment/Fast-Exploration/src/fuel_planner/utils/lkh_tsp_solver/src/ReadEdges.c:31:9:[m[K [01;35m[Kwarning: [m[Kignoring return value of ‘[01m[Kfscanf[m[K’, declared with attribute warn_unused_result [[01;35m[K-Wunused-result[m[K]
   31 |         [01;35m[Kfscanf(EdgeFile, "%d %d\n", &i, &Edges)[m[K;
      |         [01;35m[K^~~~~~~~~~~~~~~~~~~~~~~~~~~~~~~~~~~~~~~[m[K
[01m[K/home/xingxun/experiment/Fast-Exploration/src/fuel_planner/utils/lkh_tsp_solver/src/ReadEdges.c:36:13:[m[K [01;35m[Kwarning: [m[Kignoring return value of ‘[01m[Kfgets[m[K’, declared with attribute warn_unused_result [[01;35m[K-Wunused-result[m[K]
   36 |             [01;35m[Kfgets(line, 80, EdgeFile)[m[K;
      |             [01;35m[K^~~~~~~~~~~~~~~~~~~~~~~~~[m[K
[01m[K/home/xingxun/experiment/Fast-Exploration/src/fuel_planner/utils/lkh_tsp_solver/src/lkh_interface.cpp:[m[K In function ‘[01m[Kint solveTSPLKH(const char*)[m[K’:
[01m[K/home/xingxun/experiment/Fast-Exploration/src/fuel_planner/utils/lkh_tsp_solver/src/lkh_interface.cpp:61:19:[m[K [01;35m[Kwarning: [m[KISO C++ forbids converting a string constant to ‘[01m[Kchar*[m[K’ [[01;35m[K-Wwrite-strings[m[K]
   61 |           printff([01;35m[K"[m[K  Merged with %d: Cost = " GainFormat, i + 1, Cost);
      |                   [01;35m[K^[m[K
[01m[K/home/xingxun/experiment/Fast-Exploration/src/fuel_planner/utils/lkh_tsp_solver/src/lkh_interface.cpp:63:21:[m[K [01;35m[Kwarning: [m[KISO C++ forbids converting a string constant to ‘[01m[Kchar*[m[K’ [[01;35m[K-Wwrite-strings[m[K]
   63 |             printff([01;35m[K", Gap = %0.4f%%"[m[K, 100.0 * (Cost - Optimum) / Optimum);
      |                     [01;35m[K^~~~~~~~~~~~~~~~~[m[K
[01m[K/home/xingxun/experiment/Fast-Exploration/src/fuel_planner/utils/lkh_tsp_solver/src/lkh_interface.cpp:64:19:[m[K [01;35m[Kwarning: [m[KISO C++ forbids converting a string constant to ‘[01m[Kchar*[m[K’ [[01;35m[K-Wwrite-strings[m[K]
   64 |           printff([01;35m[K"\n"[m[K);
      |                   [01;35m[K^~~~[m[K
[01m[K/home/xingxun/experiment/Fast-Exploration/src/fuel_planner/utils/lkh_tsp_solver/src/lkh_interface.cpp:94:15:[m[K [01;35m[Kwarning: [m[KISO C++ forbids converting a string constant to ‘[01m[Kchar*[m[K’ [[01;35m[K-Wwrite-strings[m[K]
   94 |       printff([01;35m[K"*** New optimum = " GainFormat " ***\n\n"[m[K, Optimum);
      |               [01;35m[K^~~~~~~~~~~~~~~~~~~~~~~~~~~~~~~~~~~~~~~~~~[m[K
