Scanning dependencies of target tf2_msgs_generate_messages_nodejs
Scanning dependencies of target actionlib_msgs_generate_messages_py
Scanning dependencies of target geometry_msgs_generate_messages_eus
Scanning dependencies of target tf2_msgs_generate_messages_lisp
Scanning dependencies of target nav_msgs_generate_messages_eus
Scanning dependencies of target tf2_msgs_generate_messages_cpp
Scanning dependencies of target rosgraph_msgs_generate_messages_lisp
Scanning dependencies of target actionlib_generate_messages_nodejs
Scanning dependencies of target actionlib_generate_messages_py
Scanning dependencies of target actionlib_msgs_generate_messages_eus
Scanning dependencies of target tf2_msgs_generate_messages_py
Scanning dependencies of target decomp_ros_msgs_generate_messages_cpp
Scanning dependencies of target sensor_msgs_generate_messages_py
Scanning dependencies of target std_msgs_generate_messages_py
Scanning dependencies of target roscpp_generate_messages_lisp
Scanning dependencies of target roscpp_generate_messages_py
Scanning dependencies of target std_msgs_generate_messages_nodejs
Scanning dependencies of target std_msgs_generate_messages_cpp
Scanning dependencies of target tf_generate_messages_eus
Scanning dependencies of target tf2_msgs_generate_messages_eus
Scanning dependencies of target geometry_msgs_generate_messages_nodejs
Scanning dependencies of target rosgraph_msgs_generate_messages_py
Scanning dependencies of target actionlib_generate_messages_lisp
Scanning dependencies of target geometry_msgs_generate_messages_py
Scanning dependencies of target decomp_ros_msgs_generate_messages_lisp
Scanning dependencies of target rosgraph_msgs_generate_messages_nodejs
Scanning dependencies of target rosgraph_msgs_generate_messages_eus
Scanning dependencies of target std_msgs_generate_messages_lisp
Scanning dependencies of target nav_msgs_generate_messages_lisp
Scanning dependencies of target roscpp_generate_messages_cpp
Scanning dependencies of target actionlib_generate_messages_cpp
Scanning dependencies of target roscpp_generate_messages_eus
[  0%] Built target tf2_msgs_generate_messages_nodejs
[  0%] Built target tf2_msgs_generate_messages_lisp
[  0%] Built target tf2_msgs_generate_messages_cpp
[  0%] Built target geometry_msgs_generate_messages_eus
[  0%] Built target actionlib_msgs_generate_messages_py
[  0%] Built target actionlib_generate_messages_py
[  0%] Built target nav_msgs_generate_messages_eus
[  0%] Built target rosgraph_msgs_generate_messages_lisp
[  0%] Built target decomp_ros_msgs_generate_messages_cpp
[  0%] Built target actionlib_msgs_generate_messages_eus
[  0%] Built target std_msgs_generate_messages_nodejs
[  0%] Built target tf2_msgs_generate_messages_py
[  0%] Built target std_msgs_generate_messages_cpp
[  0%] Built target std_msgs_generate_messages_py
[  0%] Built target sensor_msgs_generate_messages_py
[  0%] Built target roscpp_generate_messages_py
[  0%] Built target actionlib_generate_messages_lisp
[  0%] Built target geometry_msgs_generate_messages_nodejs
[  0%] Built target actionlib_generate_messages_nodejs
[  0%] Built target rosgraph_msgs_generate_messages_eus
[  0%] Built target tf_generate_messages_eus
[  0%] Built target roscpp_generate_messages_lisp
[  0%] Built target tf2_msgs_generate_messages_eus
[  0%] Built target roscpp_generate_messages_cpp
[  0%] Built target rosgraph_msgs_generate_messages_py
[  0%] Built target actionlib_generate_messages_cpp
[  0%] Built target decomp_ros_msgs_generate_messages_lisp
[  0%] Built target rosgraph_msgs_generate_messages_nodejs
[  0%] Built target geometry_msgs_generate_messages_py
[  0%] Built target std_msgs_generate_messages_lisp
[  0%] Built target nav_msgs_generate_messages_lisp
[  0%] Built target roscpp_generate_messages_eus
Scanning dependencies of target geometry_msgs_generate_messages_lisp
Scanning dependencies of target nav_msgs_generate_messages_cpp
Scanning dependencies of target tf_generate_messages_py
Scanning dependencies of target tf_generate_messages_cpp
Scanning dependencies of target actionlib_generate_messages_eus
Scanning dependencies of target rosgraph_msgs_generate_messages_cpp
Scanning dependencies of target sensor_msgs_generate_messages_lisp
Scanning dependencies of target std_msgs_generate_messages_eus
Scanning dependencies of target visualization_msgs_generate_messages_lisp
Scanning dependencies of target decomp_ros_msgs_generate_messages_nodejs
Scanning dependencies of target geometry_msgs_generate_messages_cpp
Scanning dependencies of target visualization_msgs_generate_messages_eus
Scanning dependencies of target actionlib_msgs_generate_messages_lisp
Scanning dependencies of target sensor_msgs_generate_messages_cpp
Scanning dependencies of target nav_msgs_generate_messages_py
Scanning dependencies of target roscpp_generate_messages_nodejs
Scanning dependencies of target actionlib_msgs_generate_messages_cpp
Scanning dependencies of target actionlib_msgs_generate_messages_nodejs
Scanning dependencies of target visualization_msgs_generate_messages_cpp
Scanning dependencies of target visualization_msgs_generate_messages_nodejs
Scanning dependencies of target nav_msgs_generate_messages_nodejs
Scanning dependencies of target sensor_msgs_generate_messages_eus
Scanning dependencies of target decomp_ros_msgs_generate_messages_eus
Scanning dependencies of target decomp_ros_msgs_generate_messages_py
Scanning dependencies of target visualization_msgs_generate_messages_py
Scanning dependencies of target sensor_msgs_generate_messages_nodejs
Scanning dependencies of target tf_generate_messages_nodejs
Scanning dependencies of target tf_generate_messages_lisp
[  0%] Built target rosgraph_msgs_generate_messages_cpp
[  0%] Built target nav_msgs_generate_messages_cpp
[  0%] Built target tf_generate_messages_cpp
[  0%] Built target visualization_msgs_generate_messages_lisp
[  0%] Built target decomp_ros_msgs_generate_messages_nodejs
[  0%] Built target actionlib_generate_messages_eus
[  0%] Built target sensor_msgs_generate_messages_lisp
[  0%] Built target std_msgs_generate_messages_eus
[  0%] Built target sensor_msgs_generate_messages_cpp
[  0%] Built target roscpp_generate_messages_nodejs
[  0%] Built target geometry_msgs_generate_messages_lisp
[  0%] Built target actionlib_msgs_generate_messages_cpp
[  0%] Built target tf_generate_messages_py
[  0%] Built target visualization_msgs_generate_messages_nodejs
[  0%] Built target visualization_msgs_generate_messages_cpp
[  0%] Built target actionlib_msgs_generate_messages_nodejs
[  0%] Built target nav_msgs_generate_messages_nodejs
[  0%] Built target visualization_msgs_generate_messages_py
[  0%] Built target tf_generate_messages_nodejs
[  0%] Built target actionlib_msgs_generate_messages_lisp
[  0%] Built target sensor_msgs_generate_messages_eus
[  0%] Built target sensor_msgs_generate_messages_nodejs
[  0%] Built target visualization_msgs_generate_messages_eus
[  0%] Built target geometry_msgs_generate_messages_cpp
[  0%] Built target decomp_ros_msgs_generate_messages_py
[  0%] Built target nav_msgs_generate_messages_py
[  0%] Built target tf_generate_messages_lisp
[  0%] Built target decomp_ros_msgs_generate_messages_eus
Scanning dependencies of target corridor_generator_node
[ 50%] Building CXX object CMakeFiles/corridor_generator_node.dir/src/corridor_generator_node.cpp.o
/home/xingxun/experiment/Fast-Exploration/src/Utils/corridor_generator/src/corridor_generator_node.cpp:19:10: fatal error: decomp_basis/data_type.h: No such file or directory
   19 | #include <decomp_basis/data_type.h>
      |          ^~~~~~~~~~~~~~~~~~~~~~~~~~
compilation terminated.
make[2]: *** [CMakeFiles/corridor_generator_node.dir/build.make:63: CMakeFiles/corridor_generator_node.dir/src/corridor_generator_node.cpp.o] Error 1
make[1]: *** [CMakeFiles/Makefile2:259: CMakeFiles/corridor_generator_node.dir/all] Error 2
make: *** [Makefile:141: all] Error 2
