Scanning dependencies of target map_msgs_generate_messages_nodejs
Scanning dependencies of target map_msgs_generate_messages_cpp
Scanning dependencies of target map_msgs_generate_messages_eus
Scanning dependencies of target std_srvs_generate_messages_nodejs
Scanning dependencies of target std_srvs_generate_messages_eus
Scanning dependencies of target map_msgs_generate_messages_lisp
Scanning dependencies of target rviz_generate_messages_lisp
Scanning dependencies of target map_msgs_generate_messages_py
Scanning dependencies of target rviz_generate_messages_nodejs
[  0%] Built target map_msgs_generate_messages_nodejs
[  0%] Built target map_msgs_generate_messages_eus
[  0%] Built target map_msgs_generate_messages_cpp
[  0%] Built target tf2_msgs_generate_messages_cpp
[  0%] Built target std_srvs_generate_messages_nodejs
[  0%] Built target tf_generate_messages_cpp
[  0%] Built target tf_generate_messages_eus
[  0%] Built target actionlib_generate_messages_nodejs
[  0%] Built target tf2_msgs_generate_messages_lisp
[  0%] Built target std_srvs_generate_messages_eus
[  0%] Built target tf2_msgs_generate_messages_py
[  0%] Built target map_msgs_generate_messages_lisp
[  0%] Built target rviz_generate_messages_lisp
[  0%] Built target std_msgs_generate_messages_nodejs
[  0%] Built target decomp_ros_msgs_generate_messages_lisp
[  0%] Built target actionlib_msgs_generate_messages_eus
[  0%] Built target actionlib_generate_messages_py
[  0%] Built target actionlib_msgs_generate_messages_py
[  0%] Built target actionlib_generate_messages_cpp
[  0%] Built target std_msgs_generate_messages_lisp
[  0%] Built target tf2_msgs_generate_messages_nodejs
[  0%] Built target map_msgs_generate_messages_py
[  0%] Built target rosgraph_msgs_generate_messages_nodejs
[  0%] Built target rosgraph_msgs_generate_messages_lisp
[  0%] Built target std_msgs_generate_messages_py
[  0%] Built target actionlib_generate_messages_lisp
[  0%] Built target geometry_msgs_generate_messages_eus
[  0%] Built target tf_generate_messages_nodejs
[  0%] Built target std_msgs_generate_messages_cpp
[  0%] Built target rviz_generate_messages_nodejs
[  0%] Built target nav_msgs_generate_messages_eus
[  0%] Built target roscpp_generate_messages_lisp
Scanning dependencies of target std_srvs_generate_messages_py
Scanning dependencies of target rviz_generate_messages_py
Scanning dependencies of target std_srvs_generate_messages_lisp
Scanning dependencies of target std_srvs_generate_messages_cpp
[  0%] Built target roscpp_generate_messages_py
[  0%] Built target rosgraph_msgs_generate_messages_py
[  0%] Built target nav_msgs_generate_messages_lisp
[  0%] Built target std_srvs_generate_messages_py
[  0%] Built target tf2_msgs_generate_messages_eus
[  0%] Built target rviz_generate_messages_py
[  0%] Built target visualization_msgs_generate_messages_eus
[  0%] Built target roscpp_generate_messages_eus
[  0%] Built target visualization_msgs_generate_messages_lisp
[  0%] Built target rosgraph_msgs_generate_messages_eus
[  0%] Built target std_msgs_generate_messages_eus
[  0%] Built target roscpp_generate_messages_cpp
[  0%] Built target sensor_msgs_generate_messages_py
[  0%] Built target geometry_msgs_generate_messages_nodejs
[  0%] Built target geometry_msgs_generate_messages_cpp
[  0%] Built target std_srvs_generate_messages_lisp
[  0%] Built target decomp_ros_msgs_generate_messages_cpp
[  0%] Built target nav_msgs_generate_messages_cpp
[  0%] Built target sensor_msgs_generate_messages_eus
[  0%] Built target geometry_msgs_generate_messages_lisp
[  0%] Built target rosgraph_msgs_generate_messages_cpp
[  0%] Built target std_srvs_generate_messages_cpp
[  0%] Built target roscpp_generate_messages_nodejs
[  0%] Built target actionlib_generate_messages_eus
[  0%] Built target visualization_msgs_generate_messages_cpp
[  0%] Built target nav_msgs_generate_messages_nodejs
[  0%] Built target decomp_ros_msgs_generate_messages_nodejs
[  0%] Built target sensor_msgs_generate_messages_cpp
[  0%] Built target actionlib_msgs_generate_messages_nodejs
[  0%] Built target actionlib_msgs_generate_messages_lisp
[  0%] Built target sensor_msgs_generate_messages_lisp
Scanning dependencies of target rviz_generate_messages_cpp
Scanning dependencies of target rviz_generate_messages_eus
[  0%] Built target tf_generate_messages_py
[  0%] Built target visualization_msgs_generate_messages_nodejs
[  0%] Built target sensor_msgs_generate_messages_nodejs
[  0%] Built target actionlib_msgs_generate_messages_cpp
[  0%] Built target visualization_msgs_generate_messages_py
[  0%] Built target rviz_generate_messages_cpp
[  0%] Built target rviz_generate_messages_eus
[  0%] Built target geometry_msgs_generate_messages_py
[  0%] Built target decomp_ros_msgs_generate_messages_eus
[  0%] Built target decomp_ros_msgs_generate_messages_py
[  0%] Built target nav_msgs_generate_messages_py
[  0%] Built target tf_generate_messages_lisp
Scanning dependencies of target corridor_generator_node
[ 50%] Building CXX object CMakeFiles/corridor_generator_node.dir/src/corridor_generator_node.cpp.o
[100%] Linking CXX executable /home/xingxun/experiment/Fast-Exploration/devel/.private/corridor_generator/lib/corridor_generator/corridor_generator_node
[100%] Built target corridor_generator_node
