[35m[1mScanning dependencies of target bspline_opt[0m
[ 50%] [32mBuilding CXX object CMakeFiles/bspline_opt.dir/src/bspline_optimizer.cpp.o[0m
[01m[K/home/xingxun/experiment/Fast-Exploration/src/fuel_planner/bspline_opt/src/bspline_optimizer.cpp:[m[K In member function ‘[01m[Kvoid fast_planner::BsplineOptimizer::optimize()[m[K’:
[01m[K/home/xingxun/experiment/Fast-Exploration/src/fuel_planner/bspline_opt/src/bspline_optimizer.cpp:226:19:[m[K [01;35m[Kwarning: [m[Kunused variable ‘[01m[Kresult[m[K’ [[01;35m[K-Wunused-variable[m[K]
  226 |     nlopt::result [01;35m[Kresult[m[K = opt.optimize(q, final_cost);
      |                   [01;35m[K^~~~~~[m[K
[01m[K/home/xingxun/experiment/Fast-Exploration/src/fuel_planner/bspline_opt/src/bspline_optimizer.cpp:[m[K In member function ‘[01m[Kvoid fast_planner::BsplineOptimizer::calcSmoothnessCost(const std::vector<Eigen::Matrix<double, 3, 1> >&, const double&, double&, std::vector<Eigen::Matrix<double, 3, 1> >&, double&)[m[K’:
[01m[K/home/xingxun/experiment/Fast-Exploration/src/fuel_planner/bspline_opt/src/bspline_optimizer.cpp:263:21:[m[K [01;35m[Kwarning: [m[Kcomparison of integer expressions of different signedness: ‘[01m[Kint[m[K’ and ‘[01m[Kstd::vector<Eigen::Matrix<double, 3, 1> >::size_type[m[K’ {aka ‘[01m[Klong unsigned int[m[K’} [[01;35m[K-Wsign-compare[m[K]
  263 |   for (int i = 0; [01;35m[Ki < q.size() - 3[m[K; i++) {
      |                   [01;35m[K~~^~~~~~~~~~~~~~[m[K
[01m[K/home/xingxun/experiment/Fast-Exploration/src/fuel_planner/bspline_opt/src/bspline_optimizer.cpp:[m[K In member function ‘[01m[Kvoid fast_planner::BsplineOptimizer::calcDistanceCost(const std::vector<Eigen::Matrix<double, 3, 1> >&, double&, std::vector<Eigen::Matrix<double, 3, 1> >&)[m[K’:
[01m[K/home/xingxun/experiment/Fast-Exploration/src/fuel_planner/bspline_opt/src/bspline_optimizer.cpp:292:21:[m[K [01;35m[Kwarning: [m[Kcomparison of integer expressions of different signedness: ‘[01m[Kint[m[K’ and ‘[01m[Kstd::vector<Eigen::Matrix<double, 3, 1> >::size_type[m[K’ {aka ‘[01m[Klong unsigned int[m[K’} [[01;35m[K-Wsign-compare[m[K]
  292 |   for (int i = 0; [01;35m[Ki < q.size()[m[K; i++) {
      |                   [01;35m[K~~^~~~~~~~~~[m[K
[01m[K/home/xingxun/experiment/Fast-Exploration/src/fuel_planner/bspline_opt/src/bspline_optimizer.cpp:[m[K In member function ‘[01m[Kvoid fast_planner::BsplineOptimizer::calcFeasibilityCost(const std::vector<Eigen::Matrix<double, 3, 1> >&, const double&, double&, std::vector<Eigen::Matrix<double, 3, 1> >&, double&)[m[K’:
[01m[K/home/xingxun/experiment/Fast-Exploration/src/fuel_planner/bspline_opt/src/bspline_optimizer.cpp:320:21:[m[K [01;35m[Kwarning: [m[Kcomparison of integer expressions of different signedness: ‘[01m[Kint[m[K’ and ‘[01m[Kstd::vector<Eigen::Matrix<double, 3, 1> >::size_type[m[K’ {aka ‘[01m[Klong unsigned int[m[K’} [[01;35m[K-Wsign-compare[m[K]
  320 |   for (int i = 0; [01;35m[Ki < q.size() - 1[m[K; ++i) {
      |                   [01;35m[K~~^~~~~~~~~~~~~~[m[K
[01m[K/home/xingxun/experiment/Fast-Exploration/src/fuel_planner/bspline_opt/src/bspline_optimizer.cpp:338:21:[m[K [01;35m[Kwarning: [m[Kcomparison of integer expressions of different signedness: ‘[01m[Kint[m[K’ and ‘[01m[Kstd::vector<Eigen::Matrix<double, 3, 1> >::size_type[m[K’ {aka ‘[01m[Klong unsigned int[m[K’} [[01;35m[K-Wsign-compare[m[K]
  338 |   for (int i = 0; [01;35m[Ki < q.size() - 2[m[K; ++i) {
      |                   [01;35m[K~~^~~~~~~~~~~~~~[m[K
[01m[K/home/xingxun/experiment/Fast-Exploration/src/fuel_planner/bspline_opt/src/bspline_optimizer.cpp:[m[K In member function ‘[01m[Kvoid fast_planner::BsplineOptimizer::calcEndCost(const std::vector<Eigen::Matrix<double, 3, 1> >&, const double&, double&, std::vector<Eigen::Matrix<double, 3, 1> >&, double&)[m[K’:
[01m[K/home/xingxun/experiment/Fast-Exploration/src/fuel_planner/bspline_opt/src/bspline_optimizer.cpp:398:32:[m[K [01;35m[Kwarning: [m[Kcomparison of integer expressions of different signedness: ‘[01m[Kint[m[K’ and ‘[01m[Kstd::vector<Eigen::Matrix<double, 3, 1> >::size_type[m[K’ {aka ‘[01m[Klong unsigned int[m[K’} [[01;35m[K-Wsign-compare[m[K]
  398 |   for (int i = q.size() - 3; [01;35m[Ki < q.size()[m[K; ++i)
      |                              [01;35m[K~~^~~~~~~~~~[m[K
[01m[K/home/xingxun/experiment/Fast-Exploration/src/fuel_planner/bspline_opt/src/bspline_optimizer.cpp:[m[K In member function ‘[01m[Kvoid fast_planner::BsplineOptimizer::calcWaypointsCost(const std::vector<Eigen::Matrix<double, 3, 1> >&, double&, std::vector<Eigen::Matrix<double, 3, 1> >&)[m[K’:
[01m[K/home/xingxun/experiment/Fast-Exploration/src/fuel_planner/bspline_opt/src/bspline_optimizer.cpp:442:21:[m[K [01;35m[Kwarning: [m[Kcomparison of integer expressions of different signedness: ‘[01m[Kint[m[K’ and ‘[01m[Kstd::vector<Eigen::Matrix<double, 3, 1> >::size_type[m[K’ {aka ‘[01m[Klong unsigned int[m[K’} [[01;35m[K-Wsign-compare[m[K]
  442 |   for (int i = 0; [01;35m[Ki < waypoints_.size()[m[K; ++i) {
      |                   [01;35m[K~~^~~~~~~~~~~~~~~~~~~[m[K
[01m[K/home/xingxun/experiment/Fast-Exploration/src/fuel_planner/bspline_opt/src/bspline_optimizer.cpp:[m[K In member function ‘[01m[Kvoid fast_planner::BsplineOptimizer::calcViewCost(const std::vector<Eigen::Matrix<double, 3, 1> >&, double&, std::vector<Eigen::Matrix<double, 3, 1> >&)[m[K’:
[01m[K/home/xingxun/experiment/Fast-Exploration/src/fuel_planner/bspline_opt/src/bspline_optimizer.cpp:492:10:[m[K [01;35m[Kwarning: [m[Kunused variable ‘[01m[Knorm_dn[m[K’ [[01;35m[K-Wunused-variable[m[K]
  492 |   double [01;35m[Knorm_dn[m[K = dn.norm();
      |          [01;35m[K^~~~~~~[m[K
[100%] [32m[1mLinking CXX shared library /home/xingxun/experiment/Fast-Exploration/devel/.private/bspline_opt/lib/libbspline_opt.so[0m
[100%] Built target bspline_opt
