Linked: (/home/xingxun/experiment/Fast-Exploration/devel/.private/quadrotor_msgs/share/gennodejs/ros/quadrotor_msgs/_index.js, /home/xingxun/experiment/Fast-Exploration/devel/share/gennodejs/ros/quadrotor_msgs/_index.js)
Linked: (/home/xingxun/experiment/Fast-Exploration/devel/.private/quadrotor_msgs/share/gennodejs/ros/quadrotor_msgs/msg/PositionCommand.js, /home/xingxun/experiment/Fast-Exploration/devel/share/gennodejs/ros/quadrotor_msgs/msg/PositionCommand.js)
Linked: (/home/xingxun/experiment/Fast-Exploration/devel/.private/quadrotor_msgs/share/gennodejs/ros/quadrotor_msgs/msg/_index.js, /home/xingxun/experiment/Fast-Exploration/devel/share/gennodejs/ros/quadrotor_msgs/msg/_index.js)
Linked: (/home/xingxun/experiment/Fast-Exploration/devel/.private/quadrotor_msgs/share/gennodejs/ros/quadrotor_msgs/msg/PPROutputData.js, /home/xingxun/experiment/Fast-Exploration/devel/share/gennodejs/ros/quadrotor_msgs/msg/PPROutputData.js)
Linked: (/home/xingxun/experiment/Fast-Exploration/devel/.private/quadrotor_msgs/share/gennodejs/ros/quadrotor_msgs/msg/Serial.js, /home/xingxun/experiment/Fast-Exploration/devel/share/gennodejs/ros/quadrotor_msgs/msg/Serial.js)
Linked: (/home/xingxun/experiment/Fast-Exploration/devel/.private/quadrotor_msgs/share/gennodejs/ros/quadrotor_msgs/msg/Corrections.js, /home/xingxun/experiment/Fast-Exploration/devel/share/gennodejs/ros/quadrotor_msgs/msg/Corrections.js)
Linked: (/home/xingxun/experiment/Fast-Exploration/devel/.private/quadrotor_msgs/share/gennodejs/ros/quadrotor_msgs/msg/StatusData.js, /home/xingxun/experiment/Fast-Exploration/devel/share/gennodejs/ros/quadrotor_msgs/msg/StatusData.js)
Linked: (/home/xingxun/experiment/Fast-Exploration/devel/.private/quadrotor_msgs/share/gennodejs/ros/quadrotor_msgs/msg/TRPYCommand.js, /home/xingxun/experiment/Fast-Exploration/devel/share/gennodejs/ros/quadrotor_msgs/msg/TRPYCommand.js)
Linked: (/home/xingxun/experiment/Fast-Exploration/devel/.private/quadrotor_msgs/share/gennodejs/ros/quadrotor_msgs/msg/TakeoffLand.js, /home/xingxun/experiment/Fast-Exploration/devel/share/gennodejs/ros/quadrotor_msgs/msg/TakeoffLand.js)
Linked: (/home/xingxun/experiment/Fast-Exploration/devel/.private/quadrotor_msgs/share/gennodejs/ros/quadrotor_msgs/msg/AuxCommand.js, /home/xingxun/experiment/Fast-Exploration/devel/share/gennodejs/ros/quadrotor_msgs/msg/AuxCommand.js)
Linked: (/home/xingxun/experiment/Fast-Exploration/devel/.private/quadrotor_msgs/share/gennodejs/ros/quadrotor_msgs/msg/OutputData.js, /home/xingxun/experiment/Fast-Exploration/devel/share/gennodejs/ros/quadrotor_msgs/msg/OutputData.js)
Linked: (/home/xingxun/experiment/Fast-Exploration/devel/.private/quadrotor_msgs/share/gennodejs/ros/quadrotor_msgs/msg/PolynomialTrajectory.js, /home/xingxun/experiment/Fast-Exploration/devel/share/gennodejs/ros/quadrotor_msgs/msg/PolynomialTrajectory.js)
Linked: (/home/xingxun/experiment/Fast-Exploration/devel/.private/quadrotor_msgs/share/gennodejs/ros/quadrotor_msgs/msg/Px4ctrlDebug.js, /home/xingxun/experiment/Fast-Exploration/devel/share/gennodejs/ros/quadrotor_msgs/msg/Px4ctrlDebug.js)
Linked: (/home/xingxun/experiment/Fast-Exploration/devel/.private/quadrotor_msgs/share/gennodejs/ros/quadrotor_msgs/msg/Odometry.js, /home/xingxun/experiment/Fast-Exploration/devel/share/gennodejs/ros/quadrotor_msgs/msg/Odometry.js)
Linked: (/home/xingxun/experiment/Fast-Exploration/devel/.private/quadrotor_msgs/share/gennodejs/ros/quadrotor_msgs/msg/SO3Command.js, /home/xingxun/experiment/Fast-Exploration/devel/share/gennodejs/ros/quadrotor_msgs/msg/SO3Command.js)
Linked: (/home/xingxun/experiment/Fast-Exploration/devel/.private/quadrotor_msgs/share/gennodejs/ros/quadrotor_msgs/msg/LQRTrajectory.js, /home/xingxun/experiment/Fast-Exploration/devel/share/gennodejs/ros/quadrotor_msgs/msg/LQRTrajectory.js)
Linked: (/home/xingxun/experiment/Fast-Exploration/devel/.private/quadrotor_msgs/share/gennodejs/ros/quadrotor_msgs/msg/GoalSet.js, /home/xingxun/experiment/Fast-Exploration/devel/share/gennodejs/ros/quadrotor_msgs/msg/GoalSet.js)
Linked: (/home/xingxun/experiment/Fast-Exploration/devel/.private/quadrotor_msgs/share/gennodejs/ros/quadrotor_msgs/msg/Gains.js, /home/xingxun/experiment/Fast-Exploration/devel/share/gennodejs/ros/quadrotor_msgs/msg/Gains.js)
Linked: (/home/xingxun/experiment/Fast-Exploration/devel/.private/quadrotor_msgs/share/common-lisp/ros/quadrotor_msgs/msg/_package_TRPYCommand.lisp, /home/xingxun/experiment/Fast-Exploration/devel/share/common-lisp/ros/quadrotor_msgs/msg/_package_TRPYCommand.lisp)
Linked: (/home/xingxun/experiment/Fast-Exploration/devel/.private/quadrotor_msgs/share/common-lisp/ros/quadrotor_msgs/msg/Gains.lisp, /home/xingxun/experiment/Fast-Exploration/devel/share/common-lisp/ros/quadrotor_msgs/msg/Gains.lisp)
Linked: (/home/xingxun/experiment/Fast-Exploration/devel/.private/quadrotor_msgs/share/common-lisp/ros/quadrotor_msgs/msg/LQRTrajectory.lisp, /home/xingxun/experiment/Fast-Exploration/devel/share/common-lisp/ros/quadrotor_msgs/msg/LQRTrajectory.lisp)
Linked: (/home/xingxun/experiment/Fast-Exploration/devel/.private/quadrotor_msgs/share/common-lisp/ros/quadrotor_msgs/msg/_package.lisp, /home/xingxun/experiment/Fast-Exploration/devel/share/common-lisp/ros/quadrotor_msgs/msg/_package.lisp)
Linked: (/home/xingxun/experiment/Fast-Exploration/devel/.private/quadrotor_msgs/share/common-lisp/ros/quadrotor_msgs/msg/_package_Corrections.lisp, /home/xingxun/experiment/Fast-Exploration/devel/share/common-lisp/ros/quadrotor_msgs/msg/_package_Corrections.lisp)
Linked: (/home/xingxun/experiment/Fast-Exploration/devel/.private/quadrotor_msgs/share/common-lisp/ros/quadrotor_msgs/msg/quadrotor_msgs-msg.asd, /home/xingxun/experiment/Fast-Exploration/devel/share/common-lisp/ros/quadrotor_msgs/msg/quadrotor_msgs-msg.asd)
Linked: (/home/xingxun/experiment/Fast-Exploration/devel/.private/quadrotor_msgs/share/common-lisp/ros/quadrotor_msgs/msg/_package_Serial.lisp, /home/xingxun/experiment/Fast-Exploration/devel/share/common-lisp/ros/quadrotor_msgs/msg/_package_Serial.lisp)
Linked: (/home/xingxun/experiment/Fast-Exploration/devel/.private/quadrotor_msgs/share/common-lisp/ros/quadrotor_msgs/msg/_package_GoalSet.lisp, /home/xingxun/experiment/Fast-Exploration/devel/share/common-lisp/ros/quadrotor_msgs/msg/_package_GoalSet.lisp)
Linked: (/home/xingxun/experiment/Fast-Exploration/devel/.private/quadrotor_msgs/share/common-lisp/ros/quadrotor_msgs/msg/Serial.lisp, /home/xingxun/experiment/Fast-Exploration/devel/share/common-lisp/ros/quadrotor_msgs/msg/Serial.lisp)
Linked: (/home/xingxun/experiment/Fast-Exploration/devel/.private/quadrotor_msgs/share/common-lisp/ros/quadrotor_msgs/msg/_package_PPROutputData.lisp, /home/xingxun/experiment/Fast-Exploration/devel/share/common-lisp/ros/quadrotor_msgs/msg/_package_PPROutputData.lisp)
Linked: (/home/xingxun/experiment/Fast-Exploration/devel/.private/quadrotor_msgs/share/common-lisp/ros/quadrotor_msgs/msg/_package_OutputData.lisp, /home/xingxun/experiment/Fast-Exploration/devel/share/common-lisp/ros/quadrotor_msgs/msg/_package_OutputData.lisp)
Linked: (/home/xingxun/experiment/Fast-Exploration/devel/.private/quadrotor_msgs/share/common-lisp/ros/quadrotor_msgs/msg/_package_PolynomialTrajectory.lisp, /home/xingxun/experiment/Fast-Exploration/devel/share/common-lisp/ros/quadrotor_msgs/msg/_package_PolynomialTrajectory.lisp)
Linked: (/home/xingxun/experiment/Fast-Exploration/devel/.private/quadrotor_msgs/share/common-lisp/ros/quadrotor_msgs/msg/GoalSet.lisp, /home/xingxun/experiment/Fast-Exploration/devel/share/common-lisp/ros/quadrotor_msgs/msg/GoalSet.lisp)
Linked: (/home/xingxun/experiment/Fast-Exploration/devel/.private/quadrotor_msgs/share/common-lisp/ros/quadrotor_msgs/msg/TRPYCommand.lisp, /home/xingxun/experiment/Fast-Exploration/devel/share/common-lisp/ros/quadrotor_msgs/msg/TRPYCommand.lisp)
Linked: (/home/xingxun/experiment/Fast-Exploration/devel/.private/quadrotor_msgs/share/common-lisp/ros/quadrotor_msgs/msg/Corrections.lisp, /home/xingxun/experiment/Fast-Exploration/devel/share/common-lisp/ros/quadrotor_msgs/msg/Corrections.lisp)
Linked: (/home/xingxun/experiment/Fast-Exploration/devel/.private/quadrotor_msgs/share/common-lisp/ros/quadrotor_msgs/msg/_package_SO3Command.lisp, /home/xingxun/experiment/Fast-Exploration/devel/share/common-lisp/ros/quadrotor_msgs/msg/_package_SO3Command.lisp)
Linked: (/home/xingxun/experiment/Fast-Exploration/devel/.private/quadrotor_msgs/share/common-lisp/ros/quadrotor_msgs/msg/_package_Odometry.lisp, /home/xingxun/experiment/Fast-Exploration/devel/share/common-lisp/ros/quadrotor_msgs/msg/_package_Odometry.lisp)
Linked: (/home/xingxun/experiment/Fast-Exploration/devel/.private/quadrotor_msgs/share/common-lisp/ros/quadrotor_msgs/msg/PolynomialTrajectory.lisp, /home/xingxun/experiment/Fast-Exploration/devel/share/common-lisp/ros/quadrotor_msgs/msg/PolynomialTrajectory.lisp)
Linked: (/home/xingxun/experiment/Fast-Exploration/devel/.private/quadrotor_msgs/share/common-lisp/ros/quadrotor_msgs/msg/TakeoffLand.lisp, /home/xingxun/experiment/Fast-Exploration/devel/share/common-lisp/ros/quadrotor_msgs/msg/TakeoffLand.lisp)
Linked: (/home/xingxun/experiment/Fast-Exploration/devel/.private/quadrotor_msgs/share/common-lisp/ros/quadrotor_msgs/msg/_package_TakeoffLand.lisp, /home/xingxun/experiment/Fast-Exploration/devel/share/common-lisp/ros/quadrotor_msgs/msg/_package_TakeoffLand.lisp)
Linked: (/home/xingxun/experiment/Fast-Exploration/devel/.private/quadrotor_msgs/share/common-lisp/ros/quadrotor_msgs/msg/SO3Command.lisp, /home/xingxun/experiment/Fast-Exploration/devel/share/common-lisp/ros/quadrotor_msgs/msg/SO3Command.lisp)
Linked: (/home/xingxun/experiment/Fast-Exploration/devel/.private/quadrotor_msgs/share/common-lisp/ros/quadrotor_msgs/msg/PPROutputData.lisp, /home/xingxun/experiment/Fast-Exploration/devel/share/common-lisp/ros/quadrotor_msgs/msg/PPROutputData.lisp)
Linked: (/home/xingxun/experiment/Fast-Exploration/devel/.private/quadrotor_msgs/share/common-lisp/ros/quadrotor_msgs/msg/OutputData.lisp, /home/xingxun/experiment/Fast-Exploration/devel/share/common-lisp/ros/quadrotor_msgs/msg/OutputData.lisp)
Linked: (/home/xingxun/experiment/Fast-Exploration/devel/.private/quadrotor_msgs/share/common-lisp/ros/quadrotor_msgs/msg/Px4ctrlDebug.lisp, /home/xingxun/experiment/Fast-Exploration/devel/share/common-lisp/ros/quadrotor_msgs/msg/Px4ctrlDebug.lisp)
Linked: (/home/xingxun/experiment/Fast-Exploration/devel/.private/quadrotor_msgs/share/common-lisp/ros/quadrotor_msgs/msg/_package_AuxCommand.lisp, /home/xingxun/experiment/Fast-Exploration/devel/share/common-lisp/ros/quadrotor_msgs/msg/_package_AuxCommand.lisp)
Linked: (/home/xingxun/experiment/Fast-Exploration/devel/.private/quadrotor_msgs/share/common-lisp/ros/quadrotor_msgs/msg/StatusData.lisp, /home/xingxun/experiment/Fast-Exploration/devel/share/common-lisp/ros/quadrotor_msgs/msg/StatusData.lisp)
Linked: (/home/xingxun/experiment/Fast-Exploration/devel/.private/quadrotor_msgs/share/common-lisp/ros/quadrotor_msgs/msg/Odometry.lisp, /home/xingxun/experiment/Fast-Exploration/devel/share/common-lisp/ros/quadrotor_msgs/msg/Odometry.lisp)
Linked: (/home/xingxun/experiment/Fast-Exploration/devel/.private/quadrotor_msgs/share/common-lisp/ros/quadrotor_msgs/msg/_package_LQRTrajectory.lisp, /home/xingxun/experiment/Fast-Exploration/devel/share/common-lisp/ros/quadrotor_msgs/msg/_package_LQRTrajectory.lisp)
Linked: (/home/xingxun/experiment/Fast-Exploration/devel/.private/quadrotor_msgs/share/common-lisp/ros/quadrotor_msgs/msg/AuxCommand.lisp, /home/xingxun/experiment/Fast-Exploration/devel/share/common-lisp/ros/quadrotor_msgs/msg/AuxCommand.lisp)
Linked: (/home/xingxun/experiment/Fast-Exploration/devel/.private/quadrotor_msgs/share/common-lisp/ros/quadrotor_msgs/msg/_package_Gains.lisp, /home/xingxun/experiment/Fast-Exploration/devel/share/common-lisp/ros/quadrotor_msgs/msg/_package_Gains.lisp)
Linked: (/home/xingxun/experiment/Fast-Exploration/devel/.private/quadrotor_msgs/share/common-lisp/ros/quadrotor_msgs/msg/_package_PositionCommand.lisp, /home/xingxun/experiment/Fast-Exploration/devel/share/common-lisp/ros/quadrotor_msgs/msg/_package_PositionCommand.lisp)
Linked: (/home/xingxun/experiment/Fast-Exploration/devel/.private/quadrotor_msgs/share/common-lisp/ros/quadrotor_msgs/msg/PositionCommand.lisp, /home/xingxun/experiment/Fast-Exploration/devel/share/common-lisp/ros/quadrotor_msgs/msg/PositionCommand.lisp)
Linked: (/home/xingxun/experiment/Fast-Exploration/devel/.private/quadrotor_msgs/share/common-lisp/ros/quadrotor_msgs/msg/_package_Px4ctrlDebug.lisp, /home/xingxun/experiment/Fast-Exploration/devel/share/common-lisp/ros/quadrotor_msgs/msg/_package_Px4ctrlDebug.lisp)
Linked: (/home/xingxun/experiment/Fast-Exploration/devel/.private/quadrotor_msgs/share/common-lisp/ros/quadrotor_msgs/msg/_package_StatusData.lisp, /home/xingxun/experiment/Fast-Exploration/devel/share/common-lisp/ros/quadrotor_msgs/msg/_package_StatusData.lisp)
Linked: (/home/xingxun/experiment/Fast-Exploration/devel/.private/quadrotor_msgs/share/quadrotor_msgs/cmake/quadrotor_msgsConfig.cmake, /home/xingxun/experiment/Fast-Exploration/devel/share/quadrotor_msgs/cmake/quadrotor_msgsConfig.cmake)
Linked: (/home/xingxun/experiment/Fast-Exploration/devel/.private/quadrotor_msgs/share/quadrotor_msgs/cmake/quadrotor_msgs-msg-extras.cmake, /home/xingxun/experiment/Fast-Exploration/devel/share/quadrotor_msgs/cmake/quadrotor_msgs-msg-extras.cmake)
Linked: (/home/xingxun/experiment/Fast-Exploration/devel/.private/quadrotor_msgs/share/quadrotor_msgs/cmake/quadrotor_msgsConfig-version.cmake, /home/xingxun/experiment/Fast-Exploration/devel/share/quadrotor_msgs/cmake/quadrotor_msgsConfig-version.cmake)
Linked: (/home/xingxun/experiment/Fast-Exploration/devel/.private/quadrotor_msgs/share/quadrotor_msgs/cmake/quadrotor_msgs-msg-paths.cmake, /home/xingxun/experiment/Fast-Exploration/devel/share/quadrotor_msgs/cmake/quadrotor_msgs-msg-paths.cmake)
Linked: (/home/xingxun/experiment/Fast-Exploration/devel/.private/quadrotor_msgs/share/roseus/ros/quadrotor_msgs/manifest.l, /home/xingxun/experiment/Fast-Exploration/devel/share/roseus/ros/quadrotor_msgs/manifest.l)
Linked: (/home/xingxun/experiment/Fast-Exploration/devel/.private/quadrotor_msgs/share/roseus/ros/quadrotor_msgs/msg/Px4ctrlDebug.l, /home/xingxun/experiment/Fast-Exploration/devel/share/roseus/ros/quadrotor_msgs/msg/Px4ctrlDebug.l)
Linked: (/home/xingxun/experiment/Fast-Exploration/devel/.private/quadrotor_msgs/share/roseus/ros/quadrotor_msgs/msg/Corrections.l, /home/xingxun/experiment/Fast-Exploration/devel/share/roseus/ros/quadrotor_msgs/msg/Corrections.l)
Linked: (/home/xingxun/experiment/Fast-Exploration/devel/.private/quadrotor_msgs/share/roseus/ros/quadrotor_msgs/msg/TRPYCommand.l, /home/xingxun/experiment/Fast-Exploration/devel/share/roseus/ros/quadrotor_msgs/msg/TRPYCommand.l)
Linked: (/home/xingxun/experiment/Fast-Exploration/devel/.private/quadrotor_msgs/share/roseus/ros/quadrotor_msgs/msg/OutputData.l, /home/xingxun/experiment/Fast-Exploration/devel/share/roseus/ros/quadrotor_msgs/msg/OutputData.l)
Linked: (/home/xingxun/experiment/Fast-Exploration/devel/.private/quadrotor_msgs/share/roseus/ros/quadrotor_msgs/msg/Odometry.l, /home/xingxun/experiment/Fast-Exploration/devel/share/roseus/ros/quadrotor_msgs/msg/Odometry.l)
Linked: (/home/xingxun/experiment/Fast-Exploration/devel/.private/quadrotor_msgs/share/roseus/ros/quadrotor_msgs/msg/SO3Command.l, /home/xingxun/experiment/Fast-Exploration/devel/share/roseus/ros/quadrotor_msgs/msg/SO3Command.l)
Linked: (/home/xingxun/experiment/Fast-Exploration/devel/.private/quadrotor_msgs/share/roseus/ros/quadrotor_msgs/msg/PPROutputData.l, /home/xingxun/experiment/Fast-Exploration/devel/share/roseus/ros/quadrotor_msgs/msg/PPROutputData.l)
Linked: (/home/xingxun/experiment/Fast-Exploration/devel/.private/quadrotor_msgs/share/roseus/ros/quadrotor_msgs/msg/PositionCommand.l, /home/xingxun/experiment/Fast-Exploration/devel/share/roseus/ros/quadrotor_msgs/msg/PositionCommand.l)
Linked: (/home/xingxun/experiment/Fast-Exploration/devel/.private/quadrotor_msgs/share/roseus/ros/quadrotor_msgs/msg/Gains.l, /home/xingxun/experiment/Fast-Exploration/devel/share/roseus/ros/quadrotor_msgs/msg/Gains.l)
Linked: (/home/xingxun/experiment/Fast-Exploration/devel/.private/quadrotor_msgs/share/roseus/ros/quadrotor_msgs/msg/StatusData.l, /home/xingxun/experiment/Fast-Exploration/devel/share/roseus/ros/quadrotor_msgs/msg/StatusData.l)
Linked: (/home/xingxun/experiment/Fast-Exploration/devel/.private/quadrotor_msgs/share/roseus/ros/quadrotor_msgs/msg/Serial.l, /home/xingxun/experiment/Fast-Exploration/devel/share/roseus/ros/quadrotor_msgs/msg/Serial.l)
Linked: (/home/xingxun/experiment/Fast-Exploration/devel/.private/quadrotor_msgs/share/roseus/ros/quadrotor_msgs/msg/PolynomialTrajectory.l, /home/xingxun/experiment/Fast-Exploration/devel/share/roseus/ros/quadrotor_msgs/msg/PolynomialTrajectory.l)
Linked: (/home/xingxun/experiment/Fast-Exploration/devel/.private/quadrotor_msgs/share/roseus/ros/quadrotor_msgs/msg/AuxCommand.l, /home/xingxun/experiment/Fast-Exploration/devel/share/roseus/ros/quadrotor_msgs/msg/AuxCommand.l)
Linked: (/home/xingxun/experiment/Fast-Exploration/devel/.private/quadrotor_msgs/share/roseus/ros/quadrotor_msgs/msg/GoalSet.l, /home/xingxun/experiment/Fast-Exploration/devel/share/roseus/ros/quadrotor_msgs/msg/GoalSet.l)
Linked: (/home/xingxun/experiment/Fast-Exploration/devel/.private/quadrotor_msgs/share/roseus/ros/quadrotor_msgs/msg/TakeoffLand.l, /home/xingxun/experiment/Fast-Exploration/devel/share/roseus/ros/quadrotor_msgs/msg/TakeoffLand.l)
Linked: (/home/xingxun/experiment/Fast-Exploration/devel/.private/quadrotor_msgs/share/roseus/ros/quadrotor_msgs/msg/LQRTrajectory.l, /home/xingxun/experiment/Fast-Exploration/devel/share/roseus/ros/quadrotor_msgs/msg/LQRTrajectory.l)
Linked: (/home/xingxun/experiment/Fast-Exploration/devel/.private/quadrotor_msgs/include/quadrotor_msgs/PPROutputData.h, /home/xingxun/experiment/Fast-Exploration/devel/include/quadrotor_msgs/PPROutputData.h)
Linked: (/home/xingxun/experiment/Fast-Exploration/devel/.private/quadrotor_msgs/include/quadrotor_msgs/TRPYCommand.h, /home/xingxun/experiment/Fast-Exploration/devel/include/quadrotor_msgs/TRPYCommand.h)
Linked: (/home/xingxun/experiment/Fast-Exploration/devel/.private/quadrotor_msgs/include/quadrotor_msgs/Odometry.h, /home/xingxun/experiment/Fast-Exploration/devel/include/quadrotor_msgs/Odometry.h)
Linked: (/home/xingxun/experiment/Fast-Exploration/devel/.private/quadrotor_msgs/include/quadrotor_msgs/SO3Command.h, /home/xingxun/experiment/Fast-Exploration/devel/include/quadrotor_msgs/SO3Command.h)
Linked: (/home/xingxun/experiment/Fast-Exploration/devel/.private/quadrotor_msgs/include/quadrotor_msgs/Serial.h, /home/xingxun/experiment/Fast-Exploration/devel/include/quadrotor_msgs/Serial.h)
Linked: (/home/xingxun/experiment/Fast-Exploration/devel/.private/quadrotor_msgs/include/quadrotor_msgs/GoalSet.h, /home/xingxun/experiment/Fast-Exploration/devel/include/quadrotor_msgs/GoalSet.h)
Linked: (/home/xingxun/experiment/Fast-Exploration/devel/.private/quadrotor_msgs/include/quadrotor_msgs/PolynomialTrajectory.h, /home/xingxun/experiment/Fast-Exploration/devel/include/quadrotor_msgs/PolynomialTrajectory.h)
Linked: (/home/xingxun/experiment/Fast-Exploration/devel/.private/quadrotor_msgs/include/quadrotor_msgs/PositionCommand.h, /home/xingxun/experiment/Fast-Exploration/devel/include/quadrotor_msgs/PositionCommand.h)
Linked: (/home/xingxun/experiment/Fast-Exploration/devel/.private/quadrotor_msgs/include/quadrotor_msgs/StatusData.h, /home/xingxun/experiment/Fast-Exploration/devel/include/quadrotor_msgs/StatusData.h)
Linked: (/home/xingxun/experiment/Fast-Exploration/devel/.private/quadrotor_msgs/include/quadrotor_msgs/Px4ctrlDebug.h, /home/xingxun/experiment/Fast-Exploration/devel/include/quadrotor_msgs/Px4ctrlDebug.h)
Linked: (/home/xingxun/experiment/Fast-Exploration/devel/.private/quadrotor_msgs/include/quadrotor_msgs/LQRTrajectory.h, /home/xingxun/experiment/Fast-Exploration/devel/include/quadrotor_msgs/LQRTrajectory.h)
Linked: (/home/xingxun/experiment/Fast-Exploration/devel/.private/quadrotor_msgs/include/quadrotor_msgs/OutputData.h, /home/xingxun/experiment/Fast-Exploration/devel/include/quadrotor_msgs/OutputData.h)
Linked: (/home/xingxun/experiment/Fast-Exploration/devel/.private/quadrotor_msgs/include/quadrotor_msgs/TakeoffLand.h, /home/xingxun/experiment/Fast-Exploration/devel/include/quadrotor_msgs/TakeoffLand.h)
Linked: (/home/xingxun/experiment/Fast-Exploration/devel/.private/quadrotor_msgs/include/quadrotor_msgs/Corrections.h, /home/xingxun/experiment/Fast-Exploration/devel/include/quadrotor_msgs/Corrections.h)
Linked: (/home/xingxun/experiment/Fast-Exploration/devel/.private/quadrotor_msgs/include/quadrotor_msgs/Gains.h, /home/xingxun/experiment/Fast-Exploration/devel/include/quadrotor_msgs/Gains.h)
Linked: (/home/xingxun/experiment/Fast-Exploration/devel/.private/quadrotor_msgs/include/quadrotor_msgs/AuxCommand.h, /home/xingxun/experiment/Fast-Exploration/devel/include/quadrotor_msgs/AuxCommand.h)
Linked: (/home/xingxun/experiment/Fast-Exploration/devel/.private/quadrotor_msgs/lib/libencode_msgs.so, /home/xingxun/experiment/Fast-Exploration/devel/lib/libencode_msgs.so)
Linked: (/home/xingxun/experiment/Fast-Exploration/devel/.private/quadrotor_msgs/lib/libdecode_msgs.so, /home/xingxun/experiment/Fast-Exploration/devel/lib/libdecode_msgs.so)
Linked: (/home/xingxun/experiment/Fast-Exploration/devel/.private/quadrotor_msgs/lib/pkgconfig/quadrotor_msgs.pc, /home/xingxun/experiment/Fast-Exploration/devel/lib/pkgconfig/quadrotor_msgs.pc)
Linked: (/home/xingxun/experiment/Fast-Exploration/devel/.private/quadrotor_msgs/lib/python3/dist-packages/quadrotor_msgs/__init__.py, /home/xingxun/experiment/Fast-Exploration/devel/lib/python3/dist-packages/quadrotor_msgs/__init__.py)
Linked: (/home/xingxun/experiment/Fast-Exploration/devel/.private/quadrotor_msgs/lib/python3/dist-packages/quadrotor_msgs/msg/_StatusData.py, /home/xingxun/experiment/Fast-Exploration/devel/lib/python3/dist-packages/quadrotor_msgs/msg/_StatusData.py)
Linked: (/home/xingxun/experiment/Fast-Exploration/devel/.private/quadrotor_msgs/lib/python3/dist-packages/quadrotor_msgs/msg/_Corrections.py, /home/xingxun/experiment/Fast-Exploration/devel/lib/python3/dist-packages/quadrotor_msgs/msg/_Corrections.py)
Linked: (/home/xingxun/experiment/Fast-Exploration/devel/.private/quadrotor_msgs/lib/python3/dist-packages/quadrotor_msgs/msg/_Serial.py, /home/xingxun/experiment/Fast-Exploration/devel/lib/python3/dist-packages/quadrotor_msgs/msg/_Serial.py)
Linked: (/home/xingxun/experiment/Fast-Exploration/devel/.private/quadrotor_msgs/lib/python3/dist-packages/quadrotor_msgs/msg/_TRPYCommand.py, /home/xingxun/experiment/Fast-Exploration/devel/lib/python3/dist-packages/quadrotor_msgs/msg/_TRPYCommand.py)
Linked: (/home/xingxun/experiment/Fast-Exploration/devel/.private/quadrotor_msgs/lib/python3/dist-packages/quadrotor_msgs/msg/_PositionCommand.py, /home/xingxun/experiment/Fast-Exploration/devel/lib/python3/dist-packages/quadrotor_msgs/msg/_PositionCommand.py)
Linked: (/home/xingxun/experiment/Fast-Exploration/devel/.private/quadrotor_msgs/lib/python3/dist-packages/quadrotor_msgs/msg/_SO3Command.py, /home/xingxun/experiment/Fast-Exploration/devel/lib/python3/dist-packages/quadrotor_msgs/msg/_SO3Command.py)
Linked: (/home/xingxun/experiment/Fast-Exploration/devel/.private/quadrotor_msgs/lib/python3/dist-packages/quadrotor_msgs/msg/_PPROutputData.py, /home/xingxun/experiment/Fast-Exploration/devel/lib/python3/dist-packages/quadrotor_msgs/msg/_PPROutputData.py)
Linked: (/home/xingxun/experiment/Fast-Exploration/devel/.private/quadrotor_msgs/lib/python3/dist-packages/quadrotor_msgs/msg/_Odometry.py, /home/xingxun/experiment/Fast-Exploration/devel/lib/python3/dist-packages/quadrotor_msgs/msg/_Odometry.py)
Linked: (/home/xingxun/experiment/Fast-Exploration/devel/.private/quadrotor_msgs/lib/python3/dist-packages/quadrotor_msgs/msg/_OutputData.py, /home/xingxun/experiment/Fast-Exploration/devel/lib/python3/dist-packages/quadrotor_msgs/msg/_OutputData.py)
Linked: (/home/xingxun/experiment/Fast-Exploration/devel/.private/quadrotor_msgs/lib/python3/dist-packages/quadrotor_msgs/msg/_GoalSet.py, /home/xingxun/experiment/Fast-Exploration/devel/lib/python3/dist-packages/quadrotor_msgs/msg/_GoalSet.py)
Linked: (/home/xingxun/experiment/Fast-Exploration/devel/.private/quadrotor_msgs/lib/python3/dist-packages/quadrotor_msgs/msg/_Gains.py, /home/xingxun/experiment/Fast-Exploration/devel/lib/python3/dist-packages/quadrotor_msgs/msg/_Gains.py)
Linked: (/home/xingxun/experiment/Fast-Exploration/devel/.private/quadrotor_msgs/lib/python3/dist-packages/quadrotor_msgs/msg/_LQRTrajectory.py, /home/xingxun/experiment/Fast-Exploration/devel/lib/python3/dist-packages/quadrotor_msgs/msg/_LQRTrajectory.py)
Linked: (/home/xingxun/experiment/Fast-Exploration/devel/.private/quadrotor_msgs/lib/python3/dist-packages/quadrotor_msgs/msg/_TakeoffLand.py, /home/xingxun/experiment/Fast-Exploration/devel/lib/python3/dist-packages/quadrotor_msgs/msg/_TakeoffLand.py)
Linked: (/home/xingxun/experiment/Fast-Exploration/devel/.private/quadrotor_msgs/lib/python3/dist-packages/quadrotor_msgs/msg/_AuxCommand.py, /home/xingxun/experiment/Fast-Exploration/devel/lib/python3/dist-packages/quadrotor_msgs/msg/_AuxCommand.py)
Linked: (/home/xingxun/experiment/Fast-Exploration/devel/.private/quadrotor_msgs/lib/python3/dist-packages/quadrotor_msgs/msg/__init__.py, /home/xingxun/experiment/Fast-Exploration/devel/lib/python3/dist-packages/quadrotor_msgs/msg/__init__.py)
Linked: (/home/xingxun/experiment/Fast-Exploration/devel/.private/quadrotor_msgs/lib/python3/dist-packages/quadrotor_msgs/msg/_PolynomialTrajectory.py, /home/xingxun/experiment/Fast-Exploration/devel/lib/python3/dist-packages/quadrotor_msgs/msg/_PolynomialTrajectory.py)
Linked: (/home/xingxun/experiment/Fast-Exploration/devel/.private/quadrotor_msgs/lib/python3/dist-packages/quadrotor_msgs/msg/_Px4ctrlDebug.py, /home/xingxun/experiment/Fast-Exploration/devel/lib/python3/dist-packages/quadrotor_msgs/msg/_Px4ctrlDebug.py)
