Linked: (/home/xingxun/experiment/Fast-Exploration/devel/.private/decomp_ros_msgs/share/gennodejs/ros/decomp_ros_msgs/_index.js, /home/xingxun/experiment/Fast-Exploration/devel/share/gennodejs/ros/decomp_ros_msgs/_index.js)
Linked: (/home/xingxun/experiment/Fast-Exploration/devel/.private/decomp_ros_msgs/share/gennodejs/ros/decomp_ros_msgs/msg/_index.js, /home/xingxun/experiment/Fast-Exploration/devel/share/gennodejs/ros/decomp_ros_msgs/msg/_index.js)
Linked: (/home/xingxun/experiment/Fast-Exploration/devel/.private/decomp_ros_msgs/share/gennodejs/ros/decomp_ros_msgs/msg/Polyhedron.js, /home/xingxun/experiment/Fast-Exploration/devel/share/gennodejs/ros/decomp_ros_msgs/msg/Polyhedron.js)
Linked: (/home/xingxun/experiment/Fast-Exploration/devel/.private/decomp_ros_msgs/share/gennodejs/ros/decomp_ros_msgs/msg/EllipsoidArray.js, /home/xingxun/experiment/Fast-Exploration/devel/share/gennodejs/ros/decomp_ros_msgs/msg/EllipsoidArray.js)
Linked: (/home/xingxun/experiment/Fast-Exploration/devel/.private/decomp_ros_msgs/share/gennodejs/ros/decomp_ros_msgs/msg/PolyhedronArray.js, /home/xingxun/experiment/Fast-Exploration/devel/share/gennodejs/ros/decomp_ros_msgs/msg/PolyhedronArray.js)
Linked: (/home/xingxun/experiment/Fast-Exploration/devel/.private/decomp_ros_msgs/share/gennodejs/ros/decomp_ros_msgs/msg/Ellipsoid.js, /home/xingxun/experiment/Fast-Exploration/devel/share/gennodejs/ros/decomp_ros_msgs/msg/Ellipsoid.js)
Linked: (/home/xingxun/experiment/Fast-Exploration/devel/.private/decomp_ros_msgs/share/common-lisp/ros/decomp_ros_msgs/msg/_package_Polyhedron.lisp, /home/xingxun/experiment/Fast-Exploration/devel/share/common-lisp/ros/decomp_ros_msgs/msg/_package_Polyhedron.lisp)
Linked: (/home/xingxun/experiment/Fast-Exploration/devel/.private/decomp_ros_msgs/share/common-lisp/ros/decomp_ros_msgs/msg/Polyhedron.lisp, /home/xingxun/experiment/Fast-Exploration/devel/share/common-lisp/ros/decomp_ros_msgs/msg/Polyhedron.lisp)
Linked: (/home/xingxun/experiment/Fast-Exploration/devel/.private/decomp_ros_msgs/share/common-lisp/ros/decomp_ros_msgs/msg/decomp_ros_msgs-msg.asd, /home/xingxun/experiment/Fast-Exploration/devel/share/common-lisp/ros/decomp_ros_msgs/msg/decomp_ros_msgs-msg.asd)
Linked: (/home/xingxun/experiment/Fast-Exploration/devel/.private/decomp_ros_msgs/share/common-lisp/ros/decomp_ros_msgs/msg/_package.lisp, /home/xingxun/experiment/Fast-Exploration/devel/share/common-lisp/ros/decomp_ros_msgs/msg/_package.lisp)
Linked: (/home/xingxun/experiment/Fast-Exploration/devel/.private/decomp_ros_msgs/share/common-lisp/ros/decomp_ros_msgs/msg/EllipsoidArray.lisp, /home/xingxun/experiment/Fast-Exploration/devel/share/common-lisp/ros/decomp_ros_msgs/msg/EllipsoidArray.lisp)
Linked: (/home/xingxun/experiment/Fast-Exploration/devel/.private/decomp_ros_msgs/share/common-lisp/ros/decomp_ros_msgs/msg/_package_Ellipsoid.lisp, /home/xingxun/experiment/Fast-Exploration/devel/share/common-lisp/ros/decomp_ros_msgs/msg/_package_Ellipsoid.lisp)
Linked: (/home/xingxun/experiment/Fast-Exploration/devel/.private/decomp_ros_msgs/share/common-lisp/ros/decomp_ros_msgs/msg/_package_PolyhedronArray.lisp, /home/xingxun/experiment/Fast-Exploration/devel/share/common-lisp/ros/decomp_ros_msgs/msg/_package_PolyhedronArray.lisp)
Linked: (/home/xingxun/experiment/Fast-Exploration/devel/.private/decomp_ros_msgs/share/common-lisp/ros/decomp_ros_msgs/msg/_package_EllipsoidArray.lisp, /home/xingxun/experiment/Fast-Exploration/devel/share/common-lisp/ros/decomp_ros_msgs/msg/_package_EllipsoidArray.lisp)
Linked: (/home/xingxun/experiment/Fast-Exploration/devel/.private/decomp_ros_msgs/share/common-lisp/ros/decomp_ros_msgs/msg/Ellipsoid.lisp, /home/xingxun/experiment/Fast-Exploration/devel/share/common-lisp/ros/decomp_ros_msgs/msg/Ellipsoid.lisp)
Linked: (/home/xingxun/experiment/Fast-Exploration/devel/.private/decomp_ros_msgs/share/common-lisp/ros/decomp_ros_msgs/msg/PolyhedronArray.lisp, /home/xingxun/experiment/Fast-Exploration/devel/share/common-lisp/ros/decomp_ros_msgs/msg/PolyhedronArray.lisp)
Linked: (/home/xingxun/experiment/Fast-Exploration/devel/.private/decomp_ros_msgs/share/decomp_ros_msgs/cmake/decomp_ros_msgsConfig.cmake, /home/xingxun/experiment/Fast-Exploration/devel/share/decomp_ros_msgs/cmake/decomp_ros_msgsConfig.cmake)
Linked: (/home/xingxun/experiment/Fast-Exploration/devel/.private/decomp_ros_msgs/share/decomp_ros_msgs/cmake/decomp_ros_msgs-msg-extras.cmake, /home/xingxun/experiment/Fast-Exploration/devel/share/decomp_ros_msgs/cmake/decomp_ros_msgs-msg-extras.cmake)
Linked: (/home/xingxun/experiment/Fast-Exploration/devel/.private/decomp_ros_msgs/share/decomp_ros_msgs/cmake/decomp_ros_msgs-msg-paths.cmake, /home/xingxun/experiment/Fast-Exploration/devel/share/decomp_ros_msgs/cmake/decomp_ros_msgs-msg-paths.cmake)
Linked: (/home/xingxun/experiment/Fast-Exploration/devel/.private/decomp_ros_msgs/share/decomp_ros_msgs/cmake/decomp_ros_msgsConfig-version.cmake, /home/xingxun/experiment/Fast-Exploration/devel/share/decomp_ros_msgs/cmake/decomp_ros_msgsConfig-version.cmake)
Linked: (/home/xingxun/experiment/Fast-Exploration/devel/.private/decomp_ros_msgs/share/roseus/ros/decomp_ros_msgs/manifest.l, /home/xingxun/experiment/Fast-Exploration/devel/share/roseus/ros/decomp_ros_msgs/manifest.l)
Linked: (/home/xingxun/experiment/Fast-Exploration/devel/.private/decomp_ros_msgs/share/roseus/ros/decomp_ros_msgs/msg/EllipsoidArray.l, /home/xingxun/experiment/Fast-Exploration/devel/share/roseus/ros/decomp_ros_msgs/msg/EllipsoidArray.l)
Linked: (/home/xingxun/experiment/Fast-Exploration/devel/.private/decomp_ros_msgs/share/roseus/ros/decomp_ros_msgs/msg/Polyhedron.l, /home/xingxun/experiment/Fast-Exploration/devel/share/roseus/ros/decomp_ros_msgs/msg/Polyhedron.l)
Linked: (/home/xingxun/experiment/Fast-Exploration/devel/.private/decomp_ros_msgs/share/roseus/ros/decomp_ros_msgs/msg/PolyhedronArray.l, /home/xingxun/experiment/Fast-Exploration/devel/share/roseus/ros/decomp_ros_msgs/msg/PolyhedronArray.l)
Linked: (/home/xingxun/experiment/Fast-Exploration/devel/.private/decomp_ros_msgs/share/roseus/ros/decomp_ros_msgs/msg/Ellipsoid.l, /home/xingxun/experiment/Fast-Exploration/devel/share/roseus/ros/decomp_ros_msgs/msg/Ellipsoid.l)
Linked: (/home/xingxun/experiment/Fast-Exploration/devel/.private/decomp_ros_msgs/include/decomp_ros_msgs/Ellipsoid.h, /home/xingxun/experiment/Fast-Exploration/devel/include/decomp_ros_msgs/Ellipsoid.h)
Linked: (/home/xingxun/experiment/Fast-Exploration/devel/.private/decomp_ros_msgs/include/decomp_ros_msgs/Polyhedron.h, /home/xingxun/experiment/Fast-Exploration/devel/include/decomp_ros_msgs/Polyhedron.h)
Linked: (/home/xingxun/experiment/Fast-Exploration/devel/.private/decomp_ros_msgs/include/decomp_ros_msgs/EllipsoidArray.h, /home/xingxun/experiment/Fast-Exploration/devel/include/decomp_ros_msgs/EllipsoidArray.h)
Linked: (/home/xingxun/experiment/Fast-Exploration/devel/.private/decomp_ros_msgs/include/decomp_ros_msgs/PolyhedronArray.h, /home/xingxun/experiment/Fast-Exploration/devel/include/decomp_ros_msgs/PolyhedronArray.h)
Linked: (/home/xingxun/experiment/Fast-Exploration/devel/.private/decomp_ros_msgs/lib/pkgconfig/decomp_ros_msgs.pc, /home/xingxun/experiment/Fast-Exploration/devel/lib/pkgconfig/decomp_ros_msgs.pc)
Linked: (/home/xingxun/experiment/Fast-Exploration/devel/.private/decomp_ros_msgs/lib/python3/dist-packages/decomp_ros_msgs/__init__.py, /home/xingxun/experiment/Fast-Exploration/devel/lib/python3/dist-packages/decomp_ros_msgs/__init__.py)
Linked: (/home/xingxun/experiment/Fast-Exploration/devel/.private/decomp_ros_msgs/lib/python3/dist-packages/decomp_ros_msgs/msg/_Polyhedron.py, /home/xingxun/experiment/Fast-Exploration/devel/lib/python3/dist-packages/decomp_ros_msgs/msg/_Polyhedron.py)
Linked: (/home/xingxun/experiment/Fast-Exploration/devel/.private/decomp_ros_msgs/lib/python3/dist-packages/decomp_ros_msgs/msg/_Ellipsoid.py, /home/xingxun/experiment/Fast-Exploration/devel/lib/python3/dist-packages/decomp_ros_msgs/msg/_Ellipsoid.py)
Linked: (/home/xingxun/experiment/Fast-Exploration/devel/.private/decomp_ros_msgs/lib/python3/dist-packages/decomp_ros_msgs/msg/_PolyhedronArray.py, /home/xingxun/experiment/Fast-Exploration/devel/lib/python3/dist-packages/decomp_ros_msgs/msg/_PolyhedronArray.py)
Linked: (/home/xingxun/experiment/Fast-Exploration/devel/.private/decomp_ros_msgs/lib/python3/dist-packages/decomp_ros_msgs/msg/_EllipsoidArray.py, /home/xingxun/experiment/Fast-Exploration/devel/lib/python3/dist-packages/decomp_ros_msgs/msg/_EllipsoidArray.py)
Linked: (/home/xingxun/experiment/Fast-Exploration/devel/.private/decomp_ros_msgs/lib/python3/dist-packages/decomp_ros_msgs/msg/__init__.py, /home/xingxun/experiment/Fast-Exploration/devel/lib/python3/dist-packages/decomp_ros_msgs/msg/__init__.py)
